[quickbusinessfund.com/index.html]
[quickbusinessfund.com/xmlrpc.php]
[quickbusinessfund.com/wp-content/themes/woodmart/js/libs/ie11CustomProperties.min.js]
[backblue.gif]
[fade.gif]
[index.html]
[quickbusinessfund.com/wp-content/plugins/js_composer/assets/css/js_composer.min4d6f.css]
[quickbusinessfund.com/wp-content/plugins/js_composer/assets/lib/bower/font-awesome/css/v4-shims.min4d6f.css]
[quickbusinessfund.com/comments/feed/index.html]
[quickbusinessfund.com/feed/index.html]
[quickbusinessfund.com/wp-content/plugins/js_composer/assets/lib/bower/font-awesome/css/all.min4d6f.css]
[quickbusinessfund.com/wp-content/themes/woodmart/css/bootstrap-light.minf719.css]
[quickbusinessfund.com/wp-content/themes/woodmart/css/parts/base.minf719.css]
[quickbusinessfund.com/wp-content/themes/woodmart/css/parts/int-wpcf7.minf719.css]
[quickbusinessfund.com/wp-content/themes/woodmart/css/parts/int-mc4wp.minf719.css]
[quickbusinessfund.com/wp-content/themes/woodmart/css/parts/int-rev-slider.minf719.css]
[quickbusinessfund.com/wp-content/themes/woodmart/css/parts/int-wpb-base.minf719.css]
[quickbusinessfund.com/wp-content/themes/woodmart/css/parts/int-wpb-base-deprecated.minf719.css]
[quickbusinessfund.com/wp-content/themes/woodmart/css/parts/header-base.minf719.css]
[quickbusinessfund.com/wp-content/themes/woodmart/css/parts/mod-tools.minf719.css]
[quickbusinessfund.com/wp-content/themes/woodmart/css/parts/header-el-base.minf719.css]
[quickbusinessfund.com/wp-content/themes/woodmart/css/parts/el-info-box.minf719.css]
[quickbusinessfund.com/wp-content/themes/woodmart/css/parts/el-social-icons.minf719.css]
[quickbusinessfund.com/wp-content/themes/woodmart/css/parts/el-section-title.minf719.css]
[quickbusinessfund.com/wp-content/themes/woodmart/css/parts/opt-widget-collapse.minf719.css]
[quickbusinessfund.com/wp-content/themes/woodmart/css/parts/footer-base.minf719.css]
[quickbusinessfund.com/wp-content/themes/woodmart/css/parts/el-list.minf719.css]
[quickbusinessfund.com/wp-content/themes/woodmart/css/parts/opt-scrolltotop.minf719.css]
[quickbusinessfund.com/wp-content/uploads/2024/03/xts-default_header-1710304414f719.css]
[quickbusinessfund.com/wp-content/uploads/2024/02/xts-theme_settings_default-1707889004f719.css]
[quickbusinessfund.com/wp-includes/js/jquery/jquery.minf43b.js]
[quickbusinessfund.com/wp-includes/js/jquery/jquery-migrate.min5589.js]
[quickbusinessfund.com/wp-content/themes/woodmart/js/libs/device.minf719.js]
[quickbusinessfund.com/wp-json/index.html]
[quickbusinessfund.com/wp-json/wp/v2/pages/62.json]
[quickbusinessfund.com/xmlrpc0db0.php]
[quickbusinessfund.com/wp-json/oembed/1.0/embed2268.json]
[quickbusinessfund.com/wp-json/oembed/1.0/embed8bb9]
[quickbusinessfund.com/wp-content/uploads/2024/02/QBF-Icon-01.png]
[quickbusinessfund.com/wp-content/uploads/2023/05/grill-ball.svg]
[quickbusinessfund.com/wp-content/uploads/2023/05/dotted-layer.svg]
[quickbusinessfund.com/wp-content/uploads/2023/05/duoble-color-shape.png]
[quickbusinessfund.com/wp-content/uploads/2023/05/curv-arrow.svg]
[quickbusinessfund.com/wp-content/uploads/2023/06/01-loan-icon.svg]
[quickbusinessfund.com/wp-content/uploads/2023/06/02-tax-icon.svg]
[quickbusinessfund.com/wp-content/uploads/2023/06/03-realestate-icon.svg]
[quickbusinessfund.com/wp-content/uploads/2023/06/04-innvoice-icon.svg]
[quickbusinessfund.com/wp-content/uploads/2023/06/05-Credit-Card-Icon.svg]
[quickbusinessfund.com/wp-content/uploads/2023/06/06-credit-repair.svg]
[quickbusinessfund.com/wp-content/uploads/2023/06/07-Bookkeeping-Icon.svg]
[quickbusinessfund.com/wp-content/uploads/2023/06/08-Cash-advance-icon.svg]
[quickbusinessfund.com/wp-content/uploads/2023/06/09-eqipment-finance-icon.svg]
[quickbusinessfund.com/wp-content/uploads/2023/05/services-section00ab5e.jpg]
[quickbusinessfund.com/wp-content/uploads/2023/06/Quick-Business-Fund-Logo-01.svg]
[quickbusinessfund.com/wp-content/plugins/revslider/public/assets/assets/dummy.png]
[quickbusinessfund.com/apply-now/index.html]
[quickbusinessfund.com/services/index.html]
[quickbusinessfund.com/wp-content/uploads/2023/05/how_new1.webp]
[quickbusinessfund.com/about-us/index.html]
[quickbusinessfund.com/wp-content/uploads/2023/06/Tabs-01.jpg]
[quickbusinessfund.com/wp-content/uploads/2023/06/Tabs-02.jpg]
[quickbusinessfund.com/wp-content/uploads/2023/06/Real-Estate-01.jpg]
[quickbusinessfund.com/wp-content/uploads/2023/06/Tabs-04.jpg]
[quickbusinessfund.com/wp-content/uploads/2023/06/Tabs-09.jpg]
[quickbusinessfund.com/sba/index.html]
[quickbusinessfund.com/wp-content/uploads/2023/06/Tabs-05.jpg]
[quickbusinessfund.com/wp-content/uploads/2023/06/Tabs-07.jpg]
[quickbusinessfund.com/wp-content/uploads/2023/05/footer_home_3_bg-scaled-1d5e8.jpg]
[quickbusinessfund.com/wp-content/uploads/2023/06/Quick-Business-Fund-Logo-02.svg]
[quickbusinessfund.com/wp-content/uploads/2023/05/Phone-05.svg]
[quickbusinessfund.com/wp-content/uploads/2023/05/Email-05.svg]
[quickbusinessfund.com/wp-content/uploads/2023/05/browser.svg]
[quickbusinessfund.com/wp-content/plugins/js_composer/assets/css/js_composer_tta.min4d6f.css]
[quickbusinessfund.com/wp-content/plugins/revslider/public/assets/css/rs6f266.css]
[quickbusinessfund.com/wp-content/plugins/contact-form-7/includes/swv/js/index6dcf.js]
[quickbusinessfund.com/wp-content/plugins/contact-form-7/includes/js/index6dcf.js]
[quickbusinessfund.com/wp-content/plugins/revslider/public/assets/js/rbtools.minf266.js]
[quickbusinessfund.com/wp-content/plugins/revslider/public/assets/js/rs6.minf266.js]
[quickbusinessfund.com/wp-content/plugins/js_composer/assets/js/dist/js_composer_front.min4d6f.js]
[quickbusinessfund.com/wp-content/themes/woodmart/js/libs/cookie.minf719.js]
[quickbusinessfund.com/wp-content/themes/woodmart/js/scripts/global/helpers.minf719.js]
[quickbusinessfund.com/wp-content/themes/woodmart/js/scripts/wc/woocommerceNotices.minf719.js]
[quickbusinessfund.com/wp-content/themes/woodmart/js/scripts/global/scrollBar.minf719.js]
[quickbusinessfund.com/wp-content/themes/woodmart/js/scripts/header/headerBuilder.minf719.js]
[quickbusinessfund.com/wp-content/themes/woodmart/js/scripts/menu/menuOffsets.minf719.js]
[quickbusinessfund.com/wp-content/themes/woodmart/js/scripts/menu/menuSetUp.minf719.js]
[quickbusinessfund.com/wp-content/plugins/js_composer/assets/lib/vc_accordion/vc-accordion.min4d6f.js]
[quickbusinessfund.com/wp-content/plugins/js_composer/assets/lib/vc-tta-autoplay/vc-tta-autoplay.min4d6f.js]
[quickbusinessfund.com/wp-content/plugins/js_composer/assets/lib/vc_tabs/vc-tabs.min4d6f.js]
[quickbusinessfund.com/wp-content/themes/woodmart/js/scripts/global/widgetCollapse.minf719.js]
[quickbusinessfund.com/wp-content/themes/woodmart/js/scripts/global/scrollTop.minf719.js]
[quickbusinessfund.com/wp-content/themes/woodmart/js/scripts/menu/mobileNavigation.minf719.js]
[quickbusinessfund.com/wp-content/plugins/mailchimp-for-wp/assets/js/forms433d.js]
[quickbusinessfund.com/index.html]
[quickbusinessfund.com/xmlrpc.php]
[quickbusinessfund.com/wp-content/plugins/js_composer/assets/vc/alert.png]
[quickbusinessfund.com/wp-content/plugins/js_composer/assets/vc/info.png]
[quickbusinessfund.com/wp-content/plugins/js_composer/assets/vc/tick.png]
[quickbusinessfund.com/wp-content/plugins/js_composer/assets/vc/exclamation.png]
[quickbusinessfund.com/wp-content/plugins/js_composer/assets/images/icons/address-book.png]
[quickbusinessfund.com/wp-content/plugins/js_composer/assets/images/icons/alarm-clock.png]
[quickbusinessfund.com/wp-content/plugins/js_composer/assets/images/icons/anchor.png]
[quickbusinessfund.com/wp-content/plugins/js_composer/assets/images/icons/application-image.png]
[quickbusinessfund.com/wp-content/plugins/js_composer/assets/images/icons/arrow.png]
[quickbusinessfund.com/wp-content/plugins/js_composer/assets/images/icons/asterisk.png]
[quickbusinessfund.com/wp-content/plugins/js_composer/assets/images/icons/auction-hammer.png]
[quickbusinessfund.com/wp-content/plugins/js_composer/assets/images/icons/balloon.png]
[quickbusinessfund.com/wp-content/plugins/js_composer/assets/images/icons/balloon-buzz.png]
[quickbusinessfund.com/wp-content/plugins/js_composer/assets/images/icons/balloon-facebook.png]
[quickbusinessfund.com/wp-content/plugins/js_composer/assets/images/icons/balloon-twitter.png]
[quickbusinessfund.com/wp-content/plugins/js_composer/assets/images/icons/battery-full.png]
[quickbusinessfund.com/wp-content/plugins/js_composer/assets/images/icons/binocular.png]
[quickbusinessfund.com/wp-content/plugins/js_composer/assets/images/icons/blue-document-excel.png]
[quickbusinessfund.com/wp-content/plugins/js_composer/assets/images/icons/blue-document-image.png]
[quickbusinessfund.com/wp-content/plugins/js_composer/assets/images/icons/blue-document-music.png]
[quickbusinessfund.com/wp-content/plugins/js_composer/assets/images/icons/blue-document-office.png]
[quickbusinessfund.com/wp-content/plugins/js_composer/assets/images/icons/blue-document-pdf.png]
[quickbusinessfund.com/wp-content/plugins/js_composer/assets/images/icons/blue-document-powerpoint.png]
[quickbusinessfund.com/wp-content/plugins/js_composer/assets/images/icons/blue-document-word.png]
[quickbusinessfund.com/wp-content/plugins/js_composer/assets/images/icons/bookmark.png]
[quickbusinessfund.com/wp-content/plugins/js_composer/assets/images/icons/camcorder.png]
[quickbusinessfund.com/wp-content/plugins/js_composer/assets/images/icons/camera.png]
[quickbusinessfund.com/wp-content/plugins/js_composer/assets/images/icons/chart.png]
[quickbusinessfund.com/wp-content/plugins/js_composer/assets/images/icons/chart-pie.png]
[quickbusinessfund.com/wp-content/plugins/js_composer/assets/images/icons/clock.png]
[quickbusinessfund.com/wp-content/plugins/js_composer/assets/images/icons/control.png]
[quickbusinessfund.com/wp-content/plugins/js_composer/assets/images/icons/fire.png]
[quickbusinessfund.com/wp-content/plugins/js_composer/assets/images/icons/heart.png]
[quickbusinessfund.com/wp-content/plugins/js_composer/assets/images/icons/mail.png]
[quickbusinessfund.com/wp-content/plugins/js_composer/assets/images/icons/plus-shield.png]
[quickbusinessfund.com/wp-content/plugins/js_composer/assets/images/icons/video.png]
[quickbusinessfund.com/wp-content/plugins/js_composer/assets/fonts/vc_icons_v3/fonts/vcpb-plugin-icons726d.eot]
[quickbusinessfund.com/wp-content/plugins/js_composer/assets/fonts/vc_icons_v3/fonts/vcpb-plugin-icons726d.ttf]
[quickbusinessfund.com/wp-content/plugins/js_composer/assets/fonts/vc_icons_v3/fonts/vcpb-plugin-icons726d.woff]
[quickbusinessfund.com/wp-content/plugins/js_composer/assets/fonts/vc_icons_v3/fonts/vcpb-plugin-icons726d.svg]
[quickbusinessfund.com/wp-content/plugins/js_composer/assets/images/toggle_open.png]
[quickbusinessfund.com/wp-content/plugins/js_composer/assets/images/toggle_close.png]
[quickbusinessfund.com/wp-content/plugins/js_composer/assets/images/flickr.png]
[quickbusinessfund.com/wp-content/plugins/js_composer/assets/fonts/vc_grid/vc_grid_v157a1.eot]
[quickbusinessfund.com/wp-content/plugins/js_composer/assets/fonts/vc_grid/vc_grid_v1d41d.eot]
[quickbusinessfund.com/wp-content/plugins/js_composer/assets/fonts/vc_grid/vc_grid_v157a1.woff]
[quickbusinessfund.com/wp-content/plugins/js_composer/assets/fonts/vc_grid/vc_grid_v157a1.ttf]
[quickbusinessfund.com/wp-content/plugins/js_composer/assets/fonts/vc_grid/vc_grid_v157a1.svg]
[quickbusinessfund.com/wp-content/plugins/js_composer/assets/images/spinner.gif]
[quickbusinessfund.com/wp-content/plugins/js_composer/assets/vc/remove.png]
[quickbusinessfund.com/wp-content/plugins/js_composer/assets/css/js_composer.min4d6f.css]
[quickbusinessfund.com/wp-content/plugins/js_composer/assets/lib/bower/font-awesome/css/v4-shims.min4d6f.css]
[quickbusinessfund.com/wp-content/plugins/js_composer/assets/lib/bower/font-awesome/webfonts/fa-brands-400.eot]
[quickbusinessfund.com/wp-content/plugins/js_composer/assets/lib/bower/font-awesome/webfonts/fa-brands-400d41d.eot]
[quickbusinessfund.com/wp-content/plugins/js_composer/assets/lib/bower/font-awesome/webfonts/fa-brands-400.woff2]
[quickbusinessfund.com/wp-content/plugins/js_composer/assets/lib/bower/font-awesome/webfonts/fa-brands-400.woff]
[quickbusinessfund.com/wp-content/plugins/js_composer/assets/lib/bower/font-awesome/webfonts/fa-brands-400.ttf]
[quickbusinessfund.com/wp-content/plugins/js_composer/assets/lib/bower/font-awesome/webfonts/fa-brands-400.svg]
[quickbusinessfund.com/wp-content/plugins/js_composer/assets/lib/bower/font-awesome/webfonts/fa-regular-400.eot]
[quickbusinessfund.com/wp-content/plugins/js_composer/assets/lib/bower/font-awesome/webfonts/fa-regular-400d41d.eot]
[quickbusinessfund.com/wp-content/plugins/js_composer/assets/lib/bower/font-awesome/webfonts/fa-regular-400.woff2]
[quickbusinessfund.com/wp-content/plugins/js_composer/assets/lib/bower/font-awesome/webfonts/fa-regular-400.woff]
[quickbusinessfund.com/wp-content/plugins/js_composer/assets/lib/bower/font-awesome/webfonts/fa-regular-400.ttf]
[quickbusinessfund.com/wp-content/plugins/js_composer/assets/lib/bower/font-awesome/webfonts/fa-regular-400.svg]
[quickbusinessfund.com/wp-content/plugins/js_composer/assets/lib/bower/font-awesome/webfonts/fa-solid-900.eot]
[quickbusinessfund.com/wp-content/plugins/js_composer/assets/lib/bower/font-awesome/webfonts/fa-solid-900d41d.eot]
[quickbusinessfund.com/wp-content/plugins/js_composer/assets/lib/bower/font-awesome/webfonts/fa-solid-900.woff2]
[quickbusinessfund.com/wp-content/plugins/js_composer/assets/lib/bower/font-awesome/webfonts/fa-solid-900.woff]
[quickbusinessfund.com/wp-content/plugins/js_composer/assets/lib/bower/font-awesome/webfonts/fa-solid-900.ttf]
[quickbusinessfund.com/wp-content/plugins/js_composer/assets/lib/bower/font-awesome/css/all.min4d6f.css]
[quickbusinessfund.com/wp-content/themes/woodmart/css/bootstrap-light.minf719.css]
[quickbusinessfund.com/wp-content/plugins/js_composer/assets/lib/bower/font-awesome/webfonts/fa-solid-900.svg]
[quickbusinessfund.com/wp-content/themes/woodmart/inc/admin/assets/images/calend-d.svg]
[quickbusinessfund.com/wp-content/themes/woodmart/inc/admin/assets/images/calend-l.svg]
[quickbusinessfund.com/wp-content/themes/woodmart/css/parts/base.minf719.css]
[quickbusinessfund.com/wp-content/themes/woodmart/css/parts/int-wpcf7.minf719.css]
[quickbusinessfund.com/wp-content/themes/woodmart/css/parts/int-mc4wp.minf719.css]
[quickbusinessfund.com/wp-content/themes/woodmart/css/parts/int-rev-slider.minf719.css]
[quickbusinessfund.com/wp-content/themes/woodmart/css/parts/int-wpb-base.minf719.css]
[quickbusinessfund.com/wp-content/themes/woodmart/css/parts/int-wpb-base-deprecated.minf719.css]
[quickbusinessfund.com/wp-content/themes/woodmart-child/stylef719.css]
[quickbusinessfund.com/wp-content/themes/woodmart/css/parts/header-base.minf719.css]
[quickbusinessfund.com/wp-content/themes/woodmart/css/parts/mod-tools.minf719.css]
[quickbusinessfund.com/wp-content/themes/woodmart/css/parts/header-el-base.minf719.css]
[quickbusinessfund.com/wp-content/themes/woodmart/css/parts/el-info-box.minf719.css]
[quickbusinessfund.com/wp-content/themes/woodmart/css/parts/el-social-icons.minf719.css]
[quickbusinessfund.com/wp-content/themes/woodmart/css/parts/el-section-title.minf719.css]
[quickbusinessfund.com/wp-content/themes/woodmart/css/parts/mod-highlighted-text.minf719.css]
[quickbusinessfund.com/wp-content/themes/woodmart/css/parts/opt-widget-collapse.minf719.css]
[quickbusinessfund.com/wp-content/themes/woodmart/css/parts/footer-base.minf719.css]
[quickbusinessfund.com/wp-content/themes/woodmart/css/parts/el-list.minf719.css]
[quickbusinessfund.com/wp-content/themes/woodmart/css/parts/opt-scrolltotop.minf719.css]
[quickbusinessfund.com/wp-content/uploads/2024/03/xts-default_header-1710304414f719.css]
[quickbusinessfund.com/wp-content/themes/woodmart/fonts/woodmart-font-1-400ab7a.woff2]
[quickbusinessfund.com/wp-content/uploads/2023/05/right-arrow.svg]
[quickbusinessfund.com/wp-content/uploads/2023/05/Blue-Circle.svg]
[quickbusinessfund.com/wp-content/uploads/2023/05/whie-disc.svg]
[quickbusinessfund.com/wp-content/uploads/2024/02/xts-theme_settings_default-1707889004f719.css]
[quickbusinessfund.com/wp-content/uploads/2023/05/grill-ball.svg]
[quickbusinessfund.com/wp-content/uploads/2023/05/dotted-layer.svg]
[quickbusinessfund.com/wp-content/uploads/2023/05/curv-arrow.svg]
[quickbusinessfund.com/wp-content/uploads/2023/06/01-loan-icon.svg]
[quickbusinessfund.com/wp-content/uploads/2023/06/02-tax-icon.svg]
[quickbusinessfund.com/wp-content/uploads/2023/06/03-realestate-icon.svg]
[quickbusinessfund.com/wp-content/uploads/2023/06/04-innvoice-icon.svg]
[quickbusinessfund.com/wp-content/uploads/2023/06/05-Credit-Card-Icon.svg]
[quickbusinessfund.com/wp-content/uploads/2023/06/06-credit-repair.svg]
[quickbusinessfund.com/wp-content/uploads/2023/06/07-Bookkeeping-Icon.svg]
[quickbusinessfund.com/wp-content/uploads/2023/06/08-Cash-advance-icon.svg]
[quickbusinessfund.com/wp-content/uploads/2023/06/09-eqipment-finance-icon.svg]
[quickbusinessfund.com/wp-content/uploads/2023/06/Quick-Business-Fund-Logo-01.svg]
[quickbusinessfund.com/wp-json/wp/v2/pages/64.json]
[quickbusinessfund.com/wp-json/oembed/1.0/embedd928.json]
[quickbusinessfund.com/wp-json/oembed/1.0/embedaaf4]
[quickbusinessfund.com/apply-now/index.html]
[quickbusinessfund.com/wp-json/wp/v2/pages/66.json]
[quickbusinessfund.com/wp-json/oembed/1.0/embed6cbc.json]
[quickbusinessfund.com/wp-json/oembed/1.0/embed82d6]
[quickbusinessfund.com/wp-content/uploads/2023/06/Credit-Repair-01.jpg]
[quickbusinessfund.com/services/index.html]
[quickbusinessfund.com/wp-json/wp/v2/pages/68.json]
[quickbusinessfund.com/wp-json/oembed/1.0/embed963e.json]
[quickbusinessfund.com/wp-json/oembed/1.0/embed53af]
[quickbusinessfund.com/about-us/index.html]
[quickbusinessfund.com/wp-json/wp/v2/pages/518.json]
[quickbusinessfund.com/wp-json/oembed/1.0/embed8479.json]
[quickbusinessfund.com/wp-json/oembed/1.0/embed6020]
[quickbusinessfund.com/sba/index.html]
[quickbusinessfund.com/wp-content/uploads/2023/06/Quick-Business-Fund-Logo-02.svg]
[quickbusinessfund.com/wp-content/uploads/2023/05/Phone-05.svg]
[quickbusinessfund.com/wp-content/uploads/2023/05/Email-05.svg]
[quickbusinessfund.com/wp-content/uploads/2023/05/browser.svg]
[quickbusinessfund.com/wp-content/plugins/js_composer/assets/css/js_composer_tta.min4d6f.css]
[quickbusinessfund.com/wp-content/plugins/revslider/public/assets/fonts/revicons/revicons90c6.eot]
[quickbusinessfund.com/wp-content/plugins/revslider/public/assets/fonts/revicons/revicons90c6.woff]
[quickbusinessfund.com/wp-content/plugins/revslider/public/assets/fonts/revicons/revicons90c6.ttf]
[quickbusinessfund.com/wp-content/plugins/revslider/public/assets/fonts/revicons/revicons90c6.svg]
[quickbusinessfund.com/wp-content/plugins/revslider/public/assets/css/openhand.cur]
[quickbusinessfund.com/wp-content/plugins/revslider/public/assets/css/closedhand.cur]
[quickbusinessfund.com/wp-content/plugins/revslider/public/assets/assets/gridtile.png]
[quickbusinessfund.com/wp-content/plugins/revslider/public/assets/assets/gridtile_white.png]
[quickbusinessfund.com/wp-content/plugins/revslider/public/assets/assets/gridtile_3x3.png]
[quickbusinessfund.com/wp-content/plugins/revslider/public/assets/assets/gridtile_3x3_white.png]
[quickbusinessfund.com/wp-content/plugins/revslider/public/assets/assets/coloredbg.png]
[quickbusinessfund.com/wp-content/plugins/revslider/public/assets/assets/loader.gif]
[quickbusinessfund.com/wp-content/plugins/revslider/public/assets/css/rs6f266.css]
[quickbusinessfund.com/wp-content/plugins/js_composer/assets/fonts/vc_icons_v3/fonts/vcpb-plugin-icons726d.svg]
[quickbusinessfund.com/wp-content/plugins/js_composer/assets/vc/blur.svg]
[quickbusinessfund.com/wp-content/plugins/js_composer/assets/fonts/vc_grid/vc_grid_v157a1.svg]
[quickbusinessfund.com/wp-content/plugins/js_composer/assets/lib/bower/font-awesome/webfonts/fa-brands-400.svg]
[quickbusinessfund.com/wp-content/plugins/js_composer/assets/lib/bower/font-awesome/webfonts/fa-regular-400.svg]
[quickbusinessfund.com/wp-content/plugins/js_composer/assets/lib/bower/font-awesome/webfonts/fa-solid-900.svg]
[quickbusinessfund.com/wp-content/themes/woodmart/inc/admin/assets/images/calend-d.svg]
[quickbusinessfund.com/wp-content/themes/woodmart/inc/admin/assets/images/calend-l.svg]
[quickbusinessfund.com/wp-content/uploads/2023/05/right-arrow.svg]
[quickbusinessfund.com/wp-content/uploads/2023/05/Blue-Circle.svg]
[quickbusinessfund.com/wp-content/uploads/2023/05/whie-disc.svg]
[quickbusinessfund.com/index8cd4.html]
[www.myrmapp.com/api/v1/apply-iframe4bd7.html]
[quickbusinessfund.com/index4f61.html]
[quickbusinessfund.com/index7ef4.html]
[quickbusinessfund.com/indexa51f.html]
[www.myrmapp.com/api/v1/apply-iframe1358.html]
[quickbusinessfund.com/wp-content/plugins/revslider/public/assets/fonts/revicons/revicons90c6.svg]
